<?xml version="1.0" encoding="UTF-8"?>
<TestRun id="9f04925f-eb57-4d38-a48d-4f941101a9b8" name="Justin@JUSTIN-PC 2012-12-02 09:39:44" runUser="Justin-PC\Justin" xmlns="http://microsoft.com/schemas/VisualStudio/TeamTest/2010">
  <TestSettings name="Local" id="a6c1648d-c4df-43a5-b2cf-5f0c25ecb43c">
    <Description>These are default test settings for a local test run.</Description>
    <Deployment enabled="false" runDeploymentRoot="Justin_JUSTIN-PC 2012-12-02 09_39_44">
      <DeploymentItem filename="C:\Users\Justin\Documents\Visual Studio 2010\Projects\302FinalProject\302FinalProject\bin\Debug\302FinalProject.exe" />
    </Deployment>
    <Execution>
      <TestTypeSpecific />
      <AgentRule name="Execution Agents">
      </AgentRule>
    </Execution>
  </TestSettings>
  <Times creation="2012-12-02T09:39:44.9585157-06:00" queuing="2012-12-02T09:39:46.6694532-06:00" start="2012-12-02T09:39:46.7319532-06:00" finish="2012-12-02T09:39:51.5991407-06:00" />
  <ResultSummary outcome="Failed">
    <Counters total="17" executed="17" passed="15" error="0" failed="2" timeout="0" aborted="0" inconclusive="0" passedButRunAborted="0" notRunnable="0" notExecuted="0" disconnected="0" warning="0" completed="0" inProgress="0" pending="0" />
    <RunInfos>
      <RunInfo computerName="JUSTIN-PC" outcome="Warning" timestamp="2012-12-02T09:39:44.9897657-06:00">
        <Text>Deployment is currently disabled. The deployment item '302FinalProject.exe' on test 'TestProject1.MainWindowTest.RemovePerson_ClickTest' was not deployed.</Text>
      </RunInfo>
    </RunInfos>
  </ResultSummary>
  <TestDefinitions>
    <UnitTest name="RemovePerson_ClickTest" storage="c:\users\justin\documents\visual studio 2010\projects\302finalproject\testproject1\bin\debug\testproject1.dll" id="38d3302b-d51b-fe18-3dda-8fc6e5876cdb">
      <DeploymentItems>
        <DeploymentItem filename="302FinalProject.exe" />
      </DeploymentItems>
      <Execution id="ba4c4edf-d239-41b0-94ec-c56c87e6f2f0" />
      <TestMethod codeBase="C:/Users/Justin/Documents/Visual Studio 2010/Projects/302FinalProject/TestProject1/bin/Debug/TestProject1.DLL" adapterTypeName="Microsoft.VisualStudio.TestTools.TestTypes.Unit.UnitTestAdapter, Microsoft.VisualStudio.QualityTools.Tips.UnitTest.Adapter, Version=10.0.0.0, Culture=neutral, PublicKeyToken=b03f5f7f11d50a3a" className="TestProject1.MainWindowTest, TestProject1, Version=1.0.0.0, Culture=neutral, PublicKeyToken=null" name="RemovePerson_ClickTest" />
    </UnitTest>
    <UnitTest name="AddPerson_ClickTest" storage="c:\users\justin\documents\visual studio 2010\projects\302finalproject\testproject1\bin\debug\testproject1.dll" id="ce675689-d2d7-0cdd-c0ea-eeaf2b96779a">
      <DeploymentItems>
        <DeploymentItem filename="302FinalProject.exe" />
      </DeploymentItems>
      <Execution id="b6863cca-dd27-4426-95ee-835721e54740" />
      <TestMethod codeBase="C:/Users/Justin/Documents/Visual Studio 2010/Projects/302FinalProject/TestProject1/bin/Debug/TestProject1.DLL" adapterTypeName="Microsoft.VisualStudio.TestTools.TestTypes.Unit.UnitTestAdapter, Microsoft.VisualStudio.QualityTools.Tips.UnitTest.Adapter, Version=10.0.0.0, Culture=neutral, PublicKeyToken=b03f5f7f11d50a3a" className="TestProject1.MainWindowTest, TestProject1, Version=1.0.0.0, Culture=neutral, PublicKeyToken=null" name="AddPerson_ClickTest" />
    </UnitTest>
    <UnitTest name="button3_ClickTest" storage="c:\users\justin\documents\visual studio 2010\projects\302finalproject\testproject1\bin\debug\testproject1.dll" id="82bb23a2-6002-407a-219a-a48a8fc2036f">
      <DeploymentItems>
        <DeploymentItem filename="302FinalProject.exe" />
      </DeploymentItems>
      <Execution id="9da2e18c-985b-4a2b-a76b-9212bb59347a" />
      <TestMethod codeBase="C:/Users/Justin/Documents/Visual Studio 2010/Projects/302FinalProject/TestProject1/bin/Debug/TestProject1.DLL" adapterTypeName="Microsoft.VisualStudio.TestTools.TestTypes.Unit.UnitTestAdapter, Microsoft.VisualStudio.QualityTools.Tips.UnitTest.Adapter, Version=10.0.0.0, Culture=neutral, PublicKeyToken=b03f5f7f11d50a3a" className="TestProject1.MainWindowTest, TestProject1, Version=1.0.0.0, Culture=neutral, PublicKeyToken=null" name="button3_ClickTest" />
    </UnitTest>
    <UnitTest name="MainWindowConstructorTest" storage="c:\users\justin\documents\visual studio 2010\projects\302finalproject\testproject1\bin\debug\testproject1.dll" id="0c952f85-7698-9406-1081-1831b617ec8e">
      <Execution id="77cadf82-5c77-4c1c-b117-40e1ca1777c4" />
      <TestMethod codeBase="C:/Users/Justin/Documents/Visual Studio 2010/Projects/302FinalProject/TestProject1/bin/Debug/TestProject1.DLL" adapterTypeName="Microsoft.VisualStudio.TestTools.TestTypes.Unit.UnitTestAdapter, Microsoft.VisualStudio.QualityTools.Tips.UnitTest.Adapter, Version=10.0.0.0, Culture=neutral, PublicKeyToken=b03f5f7f11d50a3a" className="TestProject1.MainWindowTest, TestProject1, Version=1.0.0.0, Culture=neutral, PublicKeyToken=null" name="MainWindowConstructorTest" />
    </UnitTest>
    <UnitTest name="removeUserTest" storage="c:\users\justin\documents\visual studio 2010\projects\302finalproject\testproject1\bin\debug\testproject1.dll" id="be5aa915-3067-9536-c8cf-e11ad7665f45">
      <Execution id="b77d6a16-aafa-4afd-8f40-05a37d5fc46e" />
      <TestMethod codeBase="C:/Users/Justin/Documents/Visual Studio 2010/Projects/302FinalProject/TestProject1/bin/Debug/TestProject1.DLL" adapterTypeName="Microsoft.VisualStudio.TestTools.TestTypes.Unit.UnitTestAdapter, Microsoft.VisualStudio.QualityTools.Tips.UnitTest.Adapter, Version=10.0.0.0, Culture=neutral, PublicKeyToken=b03f5f7f11d50a3a" className="TestProject1.AddressBookTest, TestProject1, Version=1.0.0.0, Culture=neutral, PublicKeyToken=null" name="removeUserTest" />
    </UnitTest>
    <UnitTest name="setZipTest" storage="c:\users\justin\documents\visual studio 2010\projects\302finalproject\testproject1\bin\debug\testproject1.dll" id="e08206ed-4d8b-1cd4-d0ed-b0496a271624">
      <Execution id="9016a335-7a17-422d-b93c-d7576f03f51c" />
      <TestMethod codeBase="C:/Users/Justin/Documents/Visual Studio 2010/Projects/302FinalProject/TestProject1/bin/Debug/TestProject1.DLL" adapterTypeName="Microsoft.VisualStudio.TestTools.TestTypes.Unit.UnitTestAdapter, Microsoft.VisualStudio.QualityTools.Tips.UnitTest.Adapter, Version=10.0.0.0, Culture=neutral, PublicKeyToken=b03f5f7f11d50a3a" className="TestProject1.PersonTest, TestProject1, Version=1.0.0.0, Culture=neutral, PublicKeyToken=null" name="setZipTest" />
    </UnitTest>
    <UnitTest name="AddressBookConstructorTest" storage="c:\users\justin\documents\visual studio 2010\projects\302finalproject\testproject1\bin\debug\testproject1.dll" id="d398e9c1-fb4c-15e0-d0c4-aac0ba34194f">
      <Execution id="d464f941-d377-44f8-a656-fa7ff59ee7ea" />
      <TestMethod codeBase="C:/Users/Justin/Documents/Visual Studio 2010/Projects/302FinalProject/TestProject1/bin/Debug/TestProject1.DLL" adapterTypeName="Microsoft.VisualStudio.TestTools.TestTypes.Unit.UnitTestAdapter, Microsoft.VisualStudio.QualityTools.Tips.UnitTest.Adapter, Version=10.0.0.0, Culture=neutral, PublicKeyToken=b03f5f7f11d50a3a" className="TestProject1.AddressBookTest, TestProject1, Version=1.0.0.0, Culture=neutral, PublicKeyToken=null" name="AddressBookConstructorTest" />
    </UnitTest>
    <UnitTest name="InitializeComponentTest" storage="c:\users\justin\documents\visual studio 2010\projects\302finalproject\testproject1\bin\debug\testproject1.dll" id="2ff40d63-a64f-49cb-833c-a28ef9755bc4">
      <Execution id="cd436021-8f8c-4059-a8cf-1810728f0354" />
      <TestMethod codeBase="C:/Users/Justin/Documents/Visual Studio 2010/Projects/302FinalProject/TestProject1/bin/Debug/TestProject1.DLL" adapterTypeName="Microsoft.VisualStudio.TestTools.TestTypes.Unit.UnitTestAdapter, Microsoft.VisualStudio.QualityTools.Tips.UnitTest.Adapter, Version=10.0.0.0, Culture=neutral, PublicKeyToken=b03f5f7f11d50a3a" className="TestProject1.MainWindowTest, TestProject1, Version=1.0.0.0, Culture=neutral, PublicKeyToken=null" name="InitializeComponentTest" />
    </UnitTest>
    <UnitTest name="button2_ClickTest" storage="c:\users\justin\documents\visual studio 2010\projects\302finalproject\testproject1\bin\debug\testproject1.dll" id="01bc3942-397c-0424-f6d8-5fbf0d2bb099">
      <DeploymentItems>
        <DeploymentItem filename="302FinalProject.exe" />
      </DeploymentItems>
      <Execution id="c6842b49-43cf-44d5-852f-0b8753c701b6" />
      <TestMethod codeBase="C:/Users/Justin/Documents/Visual Studio 2010/Projects/302FinalProject/TestProject1/bin/Debug/TestProject1.DLL" adapterTypeName="Microsoft.VisualStudio.TestTools.TestTypes.Unit.UnitTestAdapter, Microsoft.VisualStudio.QualityTools.Tips.UnitTest.Adapter, Version=10.0.0.0, Culture=neutral, PublicKeyToken=b03f5f7f11d50a3a" className="TestProject1.MainWindowTest, TestProject1, Version=1.0.0.0, Culture=neutral, PublicKeyToken=null" name="button2_ClickTest" />
    </UnitTest>
    <UnitTest name="button1_ClickTest" storage="c:\users\justin\documents\visual studio 2010\projects\302finalproject\testproject1\bin\debug\testproject1.dll" id="73abe3d4-07d6-9c65-b90a-579adb3e7c4e">
      <DeploymentItems>
        <DeploymentItem filename="302FinalProject.exe" />
      </DeploymentItems>
      <Execution id="27aff150-7a06-492e-829a-3170b49fe451" />
      <TestMethod codeBase="C:/Users/Justin/Documents/Visual Studio 2010/Projects/302FinalProject/TestProject1/bin/Debug/TestProject1.DLL" adapterTypeName="Microsoft.VisualStudio.TestTools.TestTypes.Unit.UnitTestAdapter, Microsoft.VisualStudio.QualityTools.Tips.UnitTest.Adapter, Version=10.0.0.0, Culture=neutral, PublicKeyToken=b03f5f7f11d50a3a" className="TestProject1.MainWindowTest, TestProject1, Version=1.0.0.0, Culture=neutral, PublicKeyToken=null" name="button1_ClickTest" />
    </UnitTest>
    <UnitTest name="setStateTest" storage="c:\users\justin\documents\visual studio 2010\projects\302finalproject\testproject1\bin\debug\testproject1.dll" id="35344a51-9ffa-e218-80f9-c24e8fcee0c2">
      <Execution id="225321e4-7ffa-4f01-a45f-4732f641a37e" />
      <TestMethod codeBase="C:/Users/Justin/Documents/Visual Studio 2010/Projects/302FinalProject/TestProject1/bin/Debug/TestProject1.DLL" adapterTypeName="Microsoft.VisualStudio.TestTools.TestTypes.Unit.UnitTestAdapter, Microsoft.VisualStudio.QualityTools.Tips.UnitTest.Adapter, Version=10.0.0.0, Culture=neutral, PublicKeyToken=b03f5f7f11d50a3a" className="TestProject1.PersonTest, TestProject1, Version=1.0.0.0, Culture=neutral, PublicKeyToken=null" name="setStateTest" />
    </UnitTest>
    <UnitTest name="addUserTest" storage="c:\users\justin\documents\visual studio 2010\projects\302finalproject\testproject1\bin\debug\testproject1.dll" id="745bf10e-17c0-cd48-3e5b-57c54e907349">
      <Execution id="1f988374-1bfa-427b-af69-a65fdd68fedf" />
      <TestMethod codeBase="C:/Users/Justin/Documents/Visual Studio 2010/Projects/302FinalProject/TestProject1/bin/Debug/TestProject1.DLL" adapterTypeName="Microsoft.VisualStudio.TestTools.TestTypes.Unit.UnitTestAdapter, Microsoft.VisualStudio.QualityTools.Tips.UnitTest.Adapter, Version=10.0.0.0, Culture=neutral, PublicKeyToken=b03f5f7f11d50a3a" className="TestProject1.AddressBookTest, TestProject1, Version=1.0.0.0, Culture=neutral, PublicKeyToken=null" name="addUserTest" />
    </UnitTest>
    <UnitTest name="ConnectTest" storage="c:\users\justin\documents\visual studio 2010\projects\302finalproject\testproject1\bin\debug\testproject1.dll" id="aa8c5814-28e1-dbe8-b20d-a761d402e385">
      <DeploymentItems>
        <DeploymentItem filename="302FinalProject.exe" />
      </DeploymentItems>
      <Execution id="33d5e6eb-549e-416b-a37f-d016e0941e61" />
      <TestMethod codeBase="C:/Users/Justin/Documents/Visual Studio 2010/Projects/302FinalProject/TestProject1/bin/Debug/TestProject1.DLL" adapterTypeName="Microsoft.VisualStudio.TestTools.TestTypes.Unit.UnitTestAdapter, Microsoft.VisualStudio.QualityTools.Tips.UnitTest.Adapter, Version=10.0.0.0, Culture=neutral, PublicKeyToken=b03f5f7f11d50a3a" className="TestProject1.MainWindowTest, TestProject1, Version=1.0.0.0, Culture=neutral, PublicKeyToken=null" name="ConnectTest" />
    </UnitTest>
    <UnitTest name="PersonConstructorTest" storage="c:\users\justin\documents\visual studio 2010\projects\302finalproject\testproject1\bin\debug\testproject1.dll" id="f3e619c4-033e-1701-a2ae-7a9955055f50">
      <Execution id="ee4c8c70-2f60-458e-a7dd-cacc31559c39" />
      <TestMethod codeBase="C:/Users/Justin/Documents/Visual Studio 2010/Projects/302FinalProject/TestProject1/bin/Debug/TestProject1.DLL" adapterTypeName="Microsoft.VisualStudio.TestTools.TestTypes.Unit.UnitTestAdapter, Microsoft.VisualStudio.QualityTools.Tips.UnitTest.Adapter, Version=10.0.0.0, Culture=neutral, PublicKeyToken=b03f5f7f11d50a3a" className="TestProject1.PersonTest, TestProject1, Version=1.0.0.0, Culture=neutral, PublicKeyToken=null" name="PersonConstructorTest" />
    </UnitTest>
    <UnitTest name="setAddressTest" storage="c:\users\justin\documents\visual studio 2010\projects\302finalproject\testproject1\bin\debug\testproject1.dll" id="0c3a2482-98fc-486a-fe15-6e953db2803b">
      <Execution id="b4ce2248-519c-4a1a-8aae-947efc014412" />
      <TestMethod codeBase="C:/Users/Justin/Documents/Visual Studio 2010/Projects/302FinalProject/TestProject1/bin/Debug/TestProject1.DLL" adapterTypeName="Microsoft.VisualStudio.TestTools.TestTypes.Unit.UnitTestAdapter, Microsoft.VisualStudio.QualityTools.Tips.UnitTest.Adapter, Version=10.0.0.0, Culture=neutral, PublicKeyToken=b03f5f7f11d50a3a" className="TestProject1.PersonTest, TestProject1, Version=1.0.0.0, Culture=neutral, PublicKeyToken=null" name="setAddressTest" />
    </UnitTest>
    <UnitTest name="setNumberTest" storage="c:\users\justin\documents\visual studio 2010\projects\302finalproject\testproject1\bin\debug\testproject1.dll" id="beac8f2c-890b-f3e1-6cca-6d307c14c27a">
      <Execution id="d6542fff-dc86-4608-be13-6022543c76f5" />
      <TestMethod codeBase="C:/Users/Justin/Documents/Visual Studio 2010/Projects/302FinalProject/TestProject1/bin/Debug/TestProject1.DLL" adapterTypeName="Microsoft.VisualStudio.TestTools.TestTypes.Unit.UnitTestAdapter, Microsoft.VisualStudio.QualityTools.Tips.UnitTest.Adapter, Version=10.0.0.0, Culture=neutral, PublicKeyToken=b03f5f7f11d50a3a" className="TestProject1.PersonTest, TestProject1, Version=1.0.0.0, Culture=neutral, PublicKeyToken=null" name="setNumberTest" />
    </UnitTest>
    <UnitTest name="setNameTest" storage="c:\users\justin\documents\visual studio 2010\projects\302finalproject\testproject1\bin\debug\testproject1.dll" id="f0412e44-6fec-8bd8-23a9-d77c8cba5a2f">
      <Execution id="7bef8c1d-91a3-4949-855a-8bed0f536205" />
      <TestMethod codeBase="C:/Users/Justin/Documents/Visual Studio 2010/Projects/302FinalProject/TestProject1/bin/Debug/TestProject1.DLL" adapterTypeName="Microsoft.VisualStudio.TestTools.TestTypes.Unit.UnitTestAdapter, Microsoft.VisualStudio.QualityTools.Tips.UnitTest.Adapter, Version=10.0.0.0, Culture=neutral, PublicKeyToken=b03f5f7f11d50a3a" className="TestProject1.PersonTest, TestProject1, Version=1.0.0.0, Culture=neutral, PublicKeyToken=null" name="setNameTest" />
    </UnitTest>
  </TestDefinitions>
  <TestLists>
    <TestList name="Results Not in a List" id="8c84fa94-04c1-424b-9868-57a2d4851a1d" />
    <TestList name="All Loaded Results" id="19431567-8539-422a-85d7-44ee4e166bda" />
  </TestLists>
  <TestEntries>
    <TestEntry testId="e08206ed-4d8b-1cd4-d0ed-b0496a271624" executionId="9016a335-7a17-422d-b93c-d7576f03f51c" testListId="8c84fa94-04c1-424b-9868-57a2d4851a1d" />
    <TestEntry testId="35344a51-9ffa-e218-80f9-c24e8fcee0c2" executionId="225321e4-7ffa-4f01-a45f-4732f641a37e" testListId="8c84fa94-04c1-424b-9868-57a2d4851a1d" />
    <TestEntry testId="beac8f2c-890b-f3e1-6cca-6d307c14c27a" executionId="d6542fff-dc86-4608-be13-6022543c76f5" testListId="8c84fa94-04c1-424b-9868-57a2d4851a1d" />
    <TestEntry testId="f0412e44-6fec-8bd8-23a9-d77c8cba5a2f" executionId="7bef8c1d-91a3-4949-855a-8bed0f536205" testListId="8c84fa94-04c1-424b-9868-57a2d4851a1d" />
    <TestEntry testId="0c3a2482-98fc-486a-fe15-6e953db2803b" executionId="b4ce2248-519c-4a1a-8aae-947efc014412" testListId="8c84fa94-04c1-424b-9868-57a2d4851a1d" />
    <TestEntry testId="f3e619c4-033e-1701-a2ae-7a9955055f50" executionId="ee4c8c70-2f60-458e-a7dd-cacc31559c39" testListId="8c84fa94-04c1-424b-9868-57a2d4851a1d" />
    <TestEntry testId="d398e9c1-fb4c-15e0-d0c4-aac0ba34194f" executionId="d464f941-d377-44f8-a656-fa7ff59ee7ea" testListId="8c84fa94-04c1-424b-9868-57a2d4851a1d" />
    <TestEntry testId="745bf10e-17c0-cd48-3e5b-57c54e907349" executionId="1f988374-1bfa-427b-af69-a65fdd68fedf" testListId="8c84fa94-04c1-424b-9868-57a2d4851a1d" />
    <TestEntry testId="be5aa915-3067-9536-c8cf-e11ad7665f45" executionId="b77d6a16-aafa-4afd-8f40-05a37d5fc46e" testListId="8c84fa94-04c1-424b-9868-57a2d4851a1d" />
    <TestEntry testId="0c952f85-7698-9406-1081-1831b617ec8e" executionId="77cadf82-5c77-4c1c-b117-40e1ca1777c4" testListId="8c84fa94-04c1-424b-9868-57a2d4851a1d" />
    <TestEntry testId="ce675689-d2d7-0cdd-c0ea-eeaf2b96779a" executionId="b6863cca-dd27-4426-95ee-835721e54740" testListId="8c84fa94-04c1-424b-9868-57a2d4851a1d" />
    <TestEntry testId="2ff40d63-a64f-49cb-833c-a28ef9755bc4" executionId="cd436021-8f8c-4059-a8cf-1810728f0354" testListId="8c84fa94-04c1-424b-9868-57a2d4851a1d" />
    <TestEntry testId="38d3302b-d51b-fe18-3dda-8fc6e5876cdb" executionId="ba4c4edf-d239-41b0-94ec-c56c87e6f2f0" testListId="8c84fa94-04c1-424b-9868-57a2d4851a1d" />
    <TestEntry testId="aa8c5814-28e1-dbe8-b20d-a761d402e385" executionId="33d5e6eb-549e-416b-a37f-d016e0941e61" testListId="8c84fa94-04c1-424b-9868-57a2d4851a1d" />
    <TestEntry testId="73abe3d4-07d6-9c65-b90a-579adb3e7c4e" executionId="27aff150-7a06-492e-829a-3170b49fe451" testListId="8c84fa94-04c1-424b-9868-57a2d4851a1d" />
    <TestEntry testId="01bc3942-397c-0424-f6d8-5fbf0d2bb099" executionId="c6842b49-43cf-44d5-852f-0b8753c701b6" testListId="8c84fa94-04c1-424b-9868-57a2d4851a1d" />
    <TestEntry testId="82bb23a2-6002-407a-219a-a48a8fc2036f" executionId="9da2e18c-985b-4a2b-a76b-9212bb59347a" testListId="8c84fa94-04c1-424b-9868-57a2d4851a1d" />
  </TestEntries>
  <Results>
    <UnitTestResult executionId="9016a335-7a17-422d-b93c-d7576f03f51c" testId="e08206ed-4d8b-1cd4-d0ed-b0496a271624" testName="setZipTest" computerName="JUSTIN-PC" duration="00:00:00.0184291" startTime="2012-12-02T09:39:46.7710157-06:00" endTime="2012-12-02T09:39:47.3257032-06:00" testType="13cdc9d9-ddb5-4fa4-a97d-d965ccfc6d4b" outcome="Passed" testListId="8c84fa94-04c1-424b-9868-57a2d4851a1d" relativeResultsDirectory="9016a335-7a17-422d-b93c-d7576f03f51c">
    </UnitTestResult>
    <UnitTestResult executionId="225321e4-7ffa-4f01-a45f-4732f641a37e" testId="35344a51-9ffa-e218-80f9-c24e8fcee0c2" testName="setStateTest" computerName="JUSTIN-PC" duration="00:00:00.0003754" startTime="2012-12-02T09:39:47.3335157-06:00" endTime="2012-12-02T09:39:47.3413282-06:00" testType="13cdc9d9-ddb5-4fa4-a97d-d965ccfc6d4b" outcome="Passed" testListId="8c84fa94-04c1-424b-9868-57a2d4851a1d" relativeResultsDirectory="225321e4-7ffa-4f01-a45f-4732f641a37e">
    </UnitTestResult>
    <UnitTestResult executionId="d6542fff-dc86-4608-be13-6022543c76f5" testId="beac8f2c-890b-f3e1-6cca-6d307c14c27a" testName="setNumberTest" computerName="JUSTIN-PC" duration="00:00:00.0003103" startTime="2012-12-02T09:39:47.3491407-06:00" endTime="2012-12-02T09:39:47.3569532-06:00" testType="13cdc9d9-ddb5-4fa4-a97d-d965ccfc6d4b" outcome="Passed" testListId="8c84fa94-04c1-424b-9868-57a2d4851a1d" relativeResultsDirectory="d6542fff-dc86-4608-be13-6022543c76f5">
    </UnitTestResult>
    <UnitTestResult executionId="7bef8c1d-91a3-4949-855a-8bed0f536205" testId="f0412e44-6fec-8bd8-23a9-d77c8cba5a2f" testName="setNameTest" computerName="JUSTIN-PC" duration="00:00:00.0003056" startTime="2012-12-02T09:39:47.3569532-06:00" endTime="2012-12-02T09:39:47.3647657-06:00" testType="13cdc9d9-ddb5-4fa4-a97d-d965ccfc6d4b" outcome="Passed" testListId="8c84fa94-04c1-424b-9868-57a2d4851a1d" relativeResultsDirectory="7bef8c1d-91a3-4949-855a-8bed0f536205">
    </UnitTestResult>
    <UnitTestResult executionId="b4ce2248-519c-4a1a-8aae-947efc014412" testId="0c3a2482-98fc-486a-fe15-6e953db2803b" testName="setAddressTest" computerName="JUSTIN-PC" duration="00:00:00.0004352" startTime="2012-12-02T09:39:47.3725782-06:00" endTime="2012-12-02T09:39:47.3803907-06:00" testType="13cdc9d9-ddb5-4fa4-a97d-d965ccfc6d4b" outcome="Passed" testListId="8c84fa94-04c1-424b-9868-57a2d4851a1d" relativeResultsDirectory="b4ce2248-519c-4a1a-8aae-947efc014412">
    </UnitTestResult>
    <UnitTestResult executionId="ee4c8c70-2f60-458e-a7dd-cacc31559c39" testId="f3e619c4-033e-1701-a2ae-7a9955055f50" testName="PersonConstructorTest" computerName="JUSTIN-PC" duration="00:00:00.0002190" startTime="2012-12-02T09:39:47.3882032-06:00" endTime="2012-12-02T09:39:47.3960157-06:00" testType="13cdc9d9-ddb5-4fa4-a97d-d965ccfc6d4b" outcome="Passed" testListId="8c84fa94-04c1-424b-9868-57a2d4851a1d" relativeResultsDirectory="ee4c8c70-2f60-458e-a7dd-cacc31559c39">
    </UnitTestResult>
    <UnitTestResult executionId="d464f941-d377-44f8-a656-fa7ff59ee7ea" testId="d398e9c1-fb4c-15e0-d0c4-aac0ba34194f" testName="AddressBookConstructorTest" computerName="JUSTIN-PC" duration="00:00:00.0004947" startTime="2012-12-02T09:39:47.3960157-06:00" endTime="2012-12-02T09:39:47.4038282-06:00" testType="13cdc9d9-ddb5-4fa4-a97d-d965ccfc6d4b" outcome="Passed" testListId="8c84fa94-04c1-424b-9868-57a2d4851a1d" relativeResultsDirectory="d464f941-d377-44f8-a656-fa7ff59ee7ea">
    </UnitTestResult>
    <UnitTestResult executionId="1f988374-1bfa-427b-af69-a65fdd68fedf" testId="745bf10e-17c0-cd48-3e5b-57c54e907349" testName="addUserTest" computerName="JUSTIN-PC" duration="00:00:02.9401809" startTime="2012-12-02T09:39:47.4116407-06:00" endTime="2012-12-02T09:39:50.3569532-06:00" testType="13cdc9d9-ddb5-4fa4-a97d-d965ccfc6d4b" outcome="Failed" testListId="8c84fa94-04c1-424b-9868-57a2d4851a1d" relativeResultsDirectory="1f988374-1bfa-427b-af69-a65fdd68fedf">
      <Output>
        <ErrorInfo>
          <Message>Test method TestProject1.AddressBookTest.addUserTest threw exception: 
System.NotImplementedException: The method or operation is not implemented.</Message>
          <StackTrace>    at _302FinalProject.AddressBook.addUser(Person User) in C:\Users\Justin\Documents\Visual Studio 2010\Projects\302FinalProject\302FinalProject\AddressBook.cs:line 12
   at TestProject1.AddressBookTest.addUserTest() in C:\Users\Justin\Documents\Visual Studio 2010\Projects\302FinalProject\TestProject1\AddressBookTest.cs:line 86
</StackTrace>
        </ErrorInfo>
      </Output>
    </UnitTestResult>
    <UnitTestResult executionId="b77d6a16-aafa-4afd-8f40-05a37d5fc46e" testId="be5aa915-3067-9536-c8cf-e11ad7665f45" testName="removeUserTest" computerName="JUSTIN-PC" duration="00:00:00.7537840" startTime="2012-12-02T09:39:50.3647657-06:00" endTime="2012-12-02T09:39:51.1303907-06:00" testType="13cdc9d9-ddb5-4fa4-a97d-d965ccfc6d4b" outcome="Failed" testListId="8c84fa94-04c1-424b-9868-57a2d4851a1d" relativeResultsDirectory="b77d6a16-aafa-4afd-8f40-05a37d5fc46e">
      <Output>
        <ErrorInfo>
          <Message>Test method TestProject1.AddressBookTest.removeUserTest threw exception: 
System.NotImplementedException: The method or operation is not implemented.</Message>
          <StackTrace>    at _302FinalProject.AddressBook.removeUser(Person User) in C:\Users\Justin\Documents\Visual Studio 2010\Projects\302FinalProject\302FinalProject\AddressBook.cs:line 17
   at TestProject1.AddressBookTest.removeUserTest() in C:\Users\Justin\Documents\Visual Studio 2010\Projects\302FinalProject\TestProject1\AddressBookTest.cs:line 98
</StackTrace>
        </ErrorInfo>
      </Output>
    </UnitTestResult>
    <UnitTestResult executionId="77cadf82-5c77-4c1c-b117-40e1ca1777c4" testId="0c952f85-7698-9406-1081-1831b617ec8e" testName="MainWindowConstructorTest" computerName="JUSTIN-PC" duration="00:00:00.2073632" startTime="2012-12-02T09:39:51.1303907-06:00" endTime="2012-12-02T09:39:51.3491407-06:00" testType="13cdc9d9-ddb5-4fa4-a97d-d965ccfc6d4b" outcome="Passed" testListId="8c84fa94-04c1-424b-9868-57a2d4851a1d" relativeResultsDirectory="77cadf82-5c77-4c1c-b117-40e1ca1777c4">
    </UnitTestResult>
    <UnitTestResult executionId="b6863cca-dd27-4426-95ee-835721e54740" testId="ce675689-d2d7-0cdd-c0ea-eeaf2b96779a" testName="AddPerson_ClickTest" computerName="JUSTIN-PC" duration="00:00:00.0202617" startTime="2012-12-02T09:39:51.3725782-06:00" endTime="2012-12-02T09:39:51.4038282-06:00" testType="13cdc9d9-ddb5-4fa4-a97d-d965ccfc6d4b" outcome="Passed" testListId="8c84fa94-04c1-424b-9868-57a2d4851a1d" relativeResultsDirectory="b6863cca-dd27-4426-95ee-835721e54740">
    </UnitTestResult>
    <UnitTestResult executionId="cd436021-8f8c-4059-a8cf-1810728f0354" testId="2ff40d63-a64f-49cb-833c-a28ef9755bc4" testName="InitializeComponentTest" computerName="JUSTIN-PC" duration="00:00:00.0086128" startTime="2012-12-02T09:39:51.4038282-06:00" endTime="2012-12-02T09:39:51.4272657-06:00" testType="13cdc9d9-ddb5-4fa4-a97d-d965ccfc6d4b" outcome="Passed" testListId="8c84fa94-04c1-424b-9868-57a2d4851a1d" relativeResultsDirectory="cd436021-8f8c-4059-a8cf-1810728f0354">
    </UnitTestResult>
    <UnitTestResult executionId="ba4c4edf-d239-41b0-94ec-c56c87e6f2f0" testId="38d3302b-d51b-fe18-3dda-8fc6e5876cdb" testName="RemovePerson_ClickTest" computerName="JUSTIN-PC" duration="00:00:00.0088455" startTime="2012-12-02T09:39:51.4272657-06:00" endTime="2012-12-02T09:39:51.4428907-06:00" testType="13cdc9d9-ddb5-4fa4-a97d-d965ccfc6d4b" outcome="Passed" testListId="8c84fa94-04c1-424b-9868-57a2d4851a1d" relativeResultsDirectory="ba4c4edf-d239-41b0-94ec-c56c87e6f2f0">
    </UnitTestResult>
    <UnitTestResult executionId="33d5e6eb-549e-416b-a37f-d016e0941e61" testId="aa8c5814-28e1-dbe8-b20d-a761d402e385" testName="ConnectTest" computerName="JUSTIN-PC" duration="00:00:00.0088365" startTime="2012-12-02T09:39:51.4507032-06:00" endTime="2012-12-02T09:39:51.4663282-06:00" testType="13cdc9d9-ddb5-4fa4-a97d-d965ccfc6d4b" outcome="Passed" testListId="8c84fa94-04c1-424b-9868-57a2d4851a1d" relativeResultsDirectory="33d5e6eb-549e-416b-a37f-d016e0941e61">
    </UnitTestResult>
    <UnitTestResult executionId="27aff150-7a06-492e-829a-3170b49fe451" testId="73abe3d4-07d6-9c65-b90a-579adb3e7c4e" testName="button1_ClickTest" computerName="JUSTIN-PC" duration="00:00:00.0107013" startTime="2012-12-02T09:39:51.4741407-06:00" endTime="2012-12-02T09:39:51.4897657-06:00" testType="13cdc9d9-ddb5-4fa4-a97d-d965ccfc6d4b" outcome="Passed" testListId="8c84fa94-04c1-424b-9868-57a2d4851a1d" relativeResultsDirectory="27aff150-7a06-492e-829a-3170b49fe451">
    </UnitTestResult>
    <UnitTestResult executionId="c6842b49-43cf-44d5-852f-0b8753c701b6" testId="01bc3942-397c-0424-f6d8-5fbf0d2bb099" testName="button2_ClickTest" computerName="JUSTIN-PC" duration="00:00:00.0102256" startTime="2012-12-02T09:39:51.4975782-06:00" endTime="2012-12-02T09:39:51.5132032-06:00" testType="13cdc9d9-ddb5-4fa4-a97d-d965ccfc6d4b" outcome="Passed" testListId="8c84fa94-04c1-424b-9868-57a2d4851a1d" relativeResultsDirectory="c6842b49-43cf-44d5-852f-0b8753c701b6">
    </UnitTestResult>
    <UnitTestResult executionId="9da2e18c-985b-4a2b-a76b-9212bb59347a" testId="82bb23a2-6002-407a-219a-a48a8fc2036f" testName="button3_ClickTest" computerName="JUSTIN-PC" duration="00:00:00.0109393" startTime="2012-12-02T09:39:51.5210157-06:00" endTime="2012-12-02T09:39:51.5366407-06:00" testType="13cdc9d9-ddb5-4fa4-a97d-d965ccfc6d4b" outcome="Passed" testListId="8c84fa94-04c1-424b-9868-57a2d4851a1d" relativeResultsDirectory="9da2e18c-985b-4a2b-a76b-9212bb59347a">
    </UnitTestResult>
  </Results>
</TestRun>