<?xml version="1.0" encoding="UTF-8"?>
<TestRun id="9cad0e43-8a4f-48bb-affb-27fdad4f398d" name="Justin@JUSTIN-PC 2012-12-02 09:39:59" runUser="Justin-PC\Justin" xmlns="http://microsoft.com/schemas/VisualStudio/TeamTest/2010">
  <TestSettings name="Local" id="a6c1648d-c4df-43a5-b2cf-5f0c25ecb43c">
    <Description>These are default test settings for a local test run.</Description>
    <Deployment enabled="false" runDeploymentRoot="Justin_JUSTIN-PC 2012-12-02 09_39_59">
      <DeploymentItem filename="C:\Users\Justin\Documents\Visual Studio 2010\Projects\302FinalProject\302FinalProject\bin\Debug\302FinalProject.exe" />
    </Deployment>
    <Execution>
      <TestTypeSpecific />
      <AgentRule name="Execution Agents">
      </AgentRule>
    </Execution>
  </TestSettings>
  <Times creation="2012-12-02T09:39:59.8003125-06:00" queuing="2012-12-02T09:40:01.3432813-06:00" start="2012-12-02T09:40:01.4057813-06:00" finish="2012-12-02T09:40:16.7964063-06:00" />
  <ResultSummary outcome="Failed">
    <Counters total="17" executed="17" passed="15" error="0" failed="2" timeout="0" aborted="0" inconclusive="0" passedButRunAborted="0" notRunnable="0" notExecuted="0" disconnected="0" warning="0" completed="0" inProgress="0" pending="0" />
    <RunInfos>
      <RunInfo computerName="JUSTIN-PC" outcome="Warning" timestamp="2012-12-02T09:39:59.8335157-06:00">
        <Text>Deployment is currently disabled. The deployment item '302FinalProject.exe' on test 'TestProject1.MainWindowTest.RemovePerson_ClickTest' was not deployed.</Text>
      </RunInfo>
    </RunInfos>
  </ResultSummary>
  <TestDefinitions>
    <UnitTest name="RemovePerson_ClickTest" storage="c:\users\justin\documents\visual studio 2010\projects\302finalproject\testproject1\bin\debug\testproject1.dll" id="38d3302b-d51b-fe18-3dda-8fc6e5876cdb">
      <DeploymentItems>
        <DeploymentItem filename="302FinalProject.exe" />
      </DeploymentItems>
      <Execution id="396f01a5-4438-4878-adaf-ab8b138aeb69" />
      <TestMethod codeBase="C:/Users/Justin/Documents/Visual Studio 2010/Projects/302FinalProject/TestProject1/bin/Debug/TestProject1.DLL" adapterTypeName="Microsoft.VisualStudio.TestTools.TestTypes.Unit.UnitTestAdapter, Microsoft.VisualStudio.QualityTools.Tips.UnitTest.Adapter, Version=10.0.0.0, Culture=neutral, PublicKeyToken=b03f5f7f11d50a3a" className="TestProject1.MainWindowTest, TestProject1, Version=1.0.0.0, Culture=neutral, PublicKeyToken=null" name="RemovePerson_ClickTest" />
    </UnitTest>
    <UnitTest name="AddPerson_ClickTest" storage="c:\users\justin\documents\visual studio 2010\projects\302finalproject\testproject1\bin\debug\testproject1.dll" id="ce675689-d2d7-0cdd-c0ea-eeaf2b96779a">
      <DeploymentItems>
        <DeploymentItem filename="302FinalProject.exe" />
      </DeploymentItems>
      <Execution id="63449557-6c7c-4754-8251-3037fc561ded" />
      <TestMethod codeBase="C:/Users/Justin/Documents/Visual Studio 2010/Projects/302FinalProject/TestProject1/bin/Debug/TestProject1.DLL" adapterTypeName="Microsoft.VisualStudio.TestTools.TestTypes.Unit.UnitTestAdapter, Microsoft.VisualStudio.QualityTools.Tips.UnitTest.Adapter, Version=10.0.0.0, Culture=neutral, PublicKeyToken=b03f5f7f11d50a3a" className="TestProject1.MainWindowTest, TestProject1, Version=1.0.0.0, Culture=neutral, PublicKeyToken=null" name="AddPerson_ClickTest" />
    </UnitTest>
    <UnitTest name="button3_ClickTest" storage="c:\users\justin\documents\visual studio 2010\projects\302finalproject\testproject1\bin\debug\testproject1.dll" id="82bb23a2-6002-407a-219a-a48a8fc2036f">
      <DeploymentItems>
        <DeploymentItem filename="302FinalProject.exe" />
      </DeploymentItems>
      <Execution id="be7ca7f5-08f2-4d40-b975-f4e318c80f35" />
      <TestMethod codeBase="C:/Users/Justin/Documents/Visual Studio 2010/Projects/302FinalProject/TestProject1/bin/Debug/TestProject1.DLL" adapterTypeName="Microsoft.VisualStudio.TestTools.TestTypes.Unit.UnitTestAdapter, Microsoft.VisualStudio.QualityTools.Tips.UnitTest.Adapter, Version=10.0.0.0, Culture=neutral, PublicKeyToken=b03f5f7f11d50a3a" className="TestProject1.MainWindowTest, TestProject1, Version=1.0.0.0, Culture=neutral, PublicKeyToken=null" name="button3_ClickTest" />
    </UnitTest>
    <UnitTest name="MainWindowConstructorTest" storage="c:\users\justin\documents\visual studio 2010\projects\302finalproject\testproject1\bin\debug\testproject1.dll" id="0c952f85-7698-9406-1081-1831b617ec8e">
      <Execution id="10f7d3ea-d655-4d16-b06b-82ee45081de7" />
      <TestMethod codeBase="C:/Users/Justin/Documents/Visual Studio 2010/Projects/302FinalProject/TestProject1/bin/Debug/TestProject1.DLL" adapterTypeName="Microsoft.VisualStudio.TestTools.TestTypes.Unit.UnitTestAdapter, Microsoft.VisualStudio.QualityTools.Tips.UnitTest.Adapter, Version=10.0.0.0, Culture=neutral, PublicKeyToken=b03f5f7f11d50a3a" className="TestProject1.MainWindowTest, TestProject1, Version=1.0.0.0, Culture=neutral, PublicKeyToken=null" name="MainWindowConstructorTest" />
    </UnitTest>
    <UnitTest name="removeUserTest" storage="c:\users\justin\documents\visual studio 2010\projects\302finalproject\testproject1\bin\debug\testproject1.dll" id="be5aa915-3067-9536-c8cf-e11ad7665f45">
      <Execution id="a331ed83-518a-4261-b05c-9bf8cf7880a6" />
      <TestMethod codeBase="C:/Users/Justin/Documents/Visual Studio 2010/Projects/302FinalProject/TestProject1/bin/Debug/TestProject1.DLL" adapterTypeName="Microsoft.VisualStudio.TestTools.TestTypes.Unit.UnitTestAdapter, Microsoft.VisualStudio.QualityTools.Tips.UnitTest.Adapter, Version=10.0.0.0, Culture=neutral, PublicKeyToken=b03f5f7f11d50a3a" className="TestProject1.AddressBookTest, TestProject1, Version=1.0.0.0, Culture=neutral, PublicKeyToken=null" name="removeUserTest" />
    </UnitTest>
    <UnitTest name="setZipTest" storage="c:\users\justin\documents\visual studio 2010\projects\302finalproject\testproject1\bin\debug\testproject1.dll" id="e08206ed-4d8b-1cd4-d0ed-b0496a271624">
      <Execution id="7786bf0f-3c27-4706-b093-15d35990d4ad" />
      <TestMethod codeBase="C:/Users/Justin/Documents/Visual Studio 2010/Projects/302FinalProject/TestProject1/bin/Debug/TestProject1.DLL" adapterTypeName="Microsoft.VisualStudio.TestTools.TestTypes.Unit.UnitTestAdapter, Microsoft.VisualStudio.QualityTools.Tips.UnitTest.Adapter, Version=10.0.0.0, Culture=neutral, PublicKeyToken=b03f5f7f11d50a3a" className="TestProject1.PersonTest, TestProject1, Version=1.0.0.0, Culture=neutral, PublicKeyToken=null" name="setZipTest" />
    </UnitTest>
    <UnitTest name="AddressBookConstructorTest" storage="c:\users\justin\documents\visual studio 2010\projects\302finalproject\testproject1\bin\debug\testproject1.dll" id="d398e9c1-fb4c-15e0-d0c4-aac0ba34194f">
      <Execution id="e8976665-eead-4d6a-b4d0-e26a74f4a1f0" />
      <TestMethod codeBase="C:/Users/Justin/Documents/Visual Studio 2010/Projects/302FinalProject/TestProject1/bin/Debug/TestProject1.DLL" adapterTypeName="Microsoft.VisualStudio.TestTools.TestTypes.Unit.UnitTestAdapter, Microsoft.VisualStudio.QualityTools.Tips.UnitTest.Adapter, Version=10.0.0.0, Culture=neutral, PublicKeyToken=b03f5f7f11d50a3a" className="TestProject1.AddressBookTest, TestProject1, Version=1.0.0.0, Culture=neutral, PublicKeyToken=null" name="AddressBookConstructorTest" />
    </UnitTest>
    <UnitTest name="InitializeComponentTest" storage="c:\users\justin\documents\visual studio 2010\projects\302finalproject\testproject1\bin\debug\testproject1.dll" id="2ff40d63-a64f-49cb-833c-a28ef9755bc4">
      <Execution id="a3f61c0a-532a-473c-9a5a-59cf0d65e119" />
      <TestMethod codeBase="C:/Users/Justin/Documents/Visual Studio 2010/Projects/302FinalProject/TestProject1/bin/Debug/TestProject1.DLL" adapterTypeName="Microsoft.VisualStudio.TestTools.TestTypes.Unit.UnitTestAdapter, Microsoft.VisualStudio.QualityTools.Tips.UnitTest.Adapter, Version=10.0.0.0, Culture=neutral, PublicKeyToken=b03f5f7f11d50a3a" className="TestProject1.MainWindowTest, TestProject1, Version=1.0.0.0, Culture=neutral, PublicKeyToken=null" name="InitializeComponentTest" />
    </UnitTest>
    <UnitTest name="button2_ClickTest" storage="c:\users\justin\documents\visual studio 2010\projects\302finalproject\testproject1\bin\debug\testproject1.dll" id="01bc3942-397c-0424-f6d8-5fbf0d2bb099">
      <DeploymentItems>
        <DeploymentItem filename="302FinalProject.exe" />
      </DeploymentItems>
      <Execution id="5d6e84bc-3f79-4358-9718-e9aa2d7bbc91" />
      <TestMethod codeBase="C:/Users/Justin/Documents/Visual Studio 2010/Projects/302FinalProject/TestProject1/bin/Debug/TestProject1.DLL" adapterTypeName="Microsoft.VisualStudio.TestTools.TestTypes.Unit.UnitTestAdapter, Microsoft.VisualStudio.QualityTools.Tips.UnitTest.Adapter, Version=10.0.0.0, Culture=neutral, PublicKeyToken=b03f5f7f11d50a3a" className="TestProject1.MainWindowTest, TestProject1, Version=1.0.0.0, Culture=neutral, PublicKeyToken=null" name="button2_ClickTest" />
    </UnitTest>
    <UnitTest name="button1_ClickTest" storage="c:\users\justin\documents\visual studio 2010\projects\302finalproject\testproject1\bin\debug\testproject1.dll" id="73abe3d4-07d6-9c65-b90a-579adb3e7c4e">
      <DeploymentItems>
        <DeploymentItem filename="302FinalProject.exe" />
      </DeploymentItems>
      <Execution id="0b3451ac-f5b6-46c0-9037-c4ad0dcbac4a" />
      <TestMethod codeBase="C:/Users/Justin/Documents/Visual Studio 2010/Projects/302FinalProject/TestProject1/bin/Debug/TestProject1.DLL" adapterTypeName="Microsoft.VisualStudio.TestTools.TestTypes.Unit.UnitTestAdapter, Microsoft.VisualStudio.QualityTools.Tips.UnitTest.Adapter, Version=10.0.0.0, Culture=neutral, PublicKeyToken=b03f5f7f11d50a3a" className="TestProject1.MainWindowTest, TestProject1, Version=1.0.0.0, Culture=neutral, PublicKeyToken=null" name="button1_ClickTest" />
    </UnitTest>
    <UnitTest name="setStateTest" storage="c:\users\justin\documents\visual studio 2010\projects\302finalproject\testproject1\bin\debug\testproject1.dll" id="35344a51-9ffa-e218-80f9-c24e8fcee0c2">
      <Execution id="2e2a6e7b-dd4a-45ea-bf08-daffa0a821d0" />
      <TestMethod codeBase="C:/Users/Justin/Documents/Visual Studio 2010/Projects/302FinalProject/TestProject1/bin/Debug/TestProject1.DLL" adapterTypeName="Microsoft.VisualStudio.TestTools.TestTypes.Unit.UnitTestAdapter, Microsoft.VisualStudio.QualityTools.Tips.UnitTest.Adapter, Version=10.0.0.0, Culture=neutral, PublicKeyToken=b03f5f7f11d50a3a" className="TestProject1.PersonTest, TestProject1, Version=1.0.0.0, Culture=neutral, PublicKeyToken=null" name="setStateTest" />
    </UnitTest>
    <UnitTest name="addUserTest" storage="c:\users\justin\documents\visual studio 2010\projects\302finalproject\testproject1\bin\debug\testproject1.dll" id="745bf10e-17c0-cd48-3e5b-57c54e907349">
      <Execution id="c3a4b7cd-003f-417b-9c67-559b6d86816f" />
      <TestMethod codeBase="C:/Users/Justin/Documents/Visual Studio 2010/Projects/302FinalProject/TestProject1/bin/Debug/TestProject1.DLL" adapterTypeName="Microsoft.VisualStudio.TestTools.TestTypes.Unit.UnitTestAdapter, Microsoft.VisualStudio.QualityTools.Tips.UnitTest.Adapter, Version=10.0.0.0, Culture=neutral, PublicKeyToken=b03f5f7f11d50a3a" className="TestProject1.AddressBookTest, TestProject1, Version=1.0.0.0, Culture=neutral, PublicKeyToken=null" name="addUserTest" />
    </UnitTest>
    <UnitTest name="ConnectTest" storage="c:\users\justin\documents\visual studio 2010\projects\302finalproject\testproject1\bin\debug\testproject1.dll" id="aa8c5814-28e1-dbe8-b20d-a761d402e385">
      <DeploymentItems>
        <DeploymentItem filename="302FinalProject.exe" />
      </DeploymentItems>
      <Execution id="ff14af29-d27c-4dcb-9453-6b904ce758bc" />
      <TestMethod codeBase="C:/Users/Justin/Documents/Visual Studio 2010/Projects/302FinalProject/TestProject1/bin/Debug/TestProject1.DLL" adapterTypeName="Microsoft.VisualStudio.TestTools.TestTypes.Unit.UnitTestAdapter, Microsoft.VisualStudio.QualityTools.Tips.UnitTest.Adapter, Version=10.0.0.0, Culture=neutral, PublicKeyToken=b03f5f7f11d50a3a" className="TestProject1.MainWindowTest, TestProject1, Version=1.0.0.0, Culture=neutral, PublicKeyToken=null" name="ConnectTest" />
    </UnitTest>
    <UnitTest name="PersonConstructorTest" storage="c:\users\justin\documents\visual studio 2010\projects\302finalproject\testproject1\bin\debug\testproject1.dll" id="f3e619c4-033e-1701-a2ae-7a9955055f50">
      <Execution id="39e51c12-8df1-463d-b05b-8022a7a32032" />
      <TestMethod codeBase="C:/Users/Justin/Documents/Visual Studio 2010/Projects/302FinalProject/TestProject1/bin/Debug/TestProject1.DLL" adapterTypeName="Microsoft.VisualStudio.TestTools.TestTypes.Unit.UnitTestAdapter, Microsoft.VisualStudio.QualityTools.Tips.UnitTest.Adapter, Version=10.0.0.0, Culture=neutral, PublicKeyToken=b03f5f7f11d50a3a" className="TestProject1.PersonTest, TestProject1, Version=1.0.0.0, Culture=neutral, PublicKeyToken=null" name="PersonConstructorTest" />
    </UnitTest>
    <UnitTest name="setAddressTest" storage="c:\users\justin\documents\visual studio 2010\projects\302finalproject\testproject1\bin\debug\testproject1.dll" id="0c3a2482-98fc-486a-fe15-6e953db2803b">
      <Execution id="f4c7b881-0906-4df2-91a6-4a2841a86ec7" />
      <TestMethod codeBase="C:/Users/Justin/Documents/Visual Studio 2010/Projects/302FinalProject/TestProject1/bin/Debug/TestProject1.DLL" adapterTypeName="Microsoft.VisualStudio.TestTools.TestTypes.Unit.UnitTestAdapter, Microsoft.VisualStudio.QualityTools.Tips.UnitTest.Adapter, Version=10.0.0.0, Culture=neutral, PublicKeyToken=b03f5f7f11d50a3a" className="TestProject1.PersonTest, TestProject1, Version=1.0.0.0, Culture=neutral, PublicKeyToken=null" name="setAddressTest" />
    </UnitTest>
    <UnitTest name="setNumberTest" storage="c:\users\justin\documents\visual studio 2010\projects\302finalproject\testproject1\bin\debug\testproject1.dll" id="beac8f2c-890b-f3e1-6cca-6d307c14c27a">
      <Execution id="275dda01-75c3-4257-9a8f-b3b056ff90ca" />
      <TestMethod codeBase="C:/Users/Justin/Documents/Visual Studio 2010/Projects/302FinalProject/TestProject1/bin/Debug/TestProject1.DLL" adapterTypeName="Microsoft.VisualStudio.TestTools.TestTypes.Unit.UnitTestAdapter, Microsoft.VisualStudio.QualityTools.Tips.UnitTest.Adapter, Version=10.0.0.0, Culture=neutral, PublicKeyToken=b03f5f7f11d50a3a" className="TestProject1.PersonTest, TestProject1, Version=1.0.0.0, Culture=neutral, PublicKeyToken=null" name="setNumberTest" />
    </UnitTest>
    <UnitTest name="setNameTest" storage="c:\users\justin\documents\visual studio 2010\projects\302finalproject\testproject1\bin\debug\testproject1.dll" id="f0412e44-6fec-8bd8-23a9-d77c8cba5a2f">
      <Execution id="1d958338-20f8-4c78-8c48-f63fb6bd1c63" />
      <TestMethod codeBase="C:/Users/Justin/Documents/Visual Studio 2010/Projects/302FinalProject/TestProject1/bin/Debug/TestProject1.DLL" adapterTypeName="Microsoft.VisualStudio.TestTools.TestTypes.Unit.UnitTestAdapter, Microsoft.VisualStudio.QualityTools.Tips.UnitTest.Adapter, Version=10.0.0.0, Culture=neutral, PublicKeyToken=b03f5f7f11d50a3a" className="TestProject1.PersonTest, TestProject1, Version=1.0.0.0, Culture=neutral, PublicKeyToken=null" name="setNameTest" />
    </UnitTest>
  </TestDefinitions>
  <TestLists>
    <TestList name="Results Not in a List" id="8c84fa94-04c1-424b-9868-57a2d4851a1d" />
    <TestList name="All Loaded Results" id="19431567-8539-422a-85d7-44ee4e166bda" />
  </TestLists>
  <TestEntries>
    <TestEntry testId="e08206ed-4d8b-1cd4-d0ed-b0496a271624" executionId="7786bf0f-3c27-4706-b093-15d35990d4ad" testListId="8c84fa94-04c1-424b-9868-57a2d4851a1d" />
    <TestEntry testId="35344a51-9ffa-e218-80f9-c24e8fcee0c2" executionId="2e2a6e7b-dd4a-45ea-bf08-daffa0a821d0" testListId="8c84fa94-04c1-424b-9868-57a2d4851a1d" />
    <TestEntry testId="beac8f2c-890b-f3e1-6cca-6d307c14c27a" executionId="275dda01-75c3-4257-9a8f-b3b056ff90ca" testListId="8c84fa94-04c1-424b-9868-57a2d4851a1d" />
    <TestEntry testId="f0412e44-6fec-8bd8-23a9-d77c8cba5a2f" executionId="1d958338-20f8-4c78-8c48-f63fb6bd1c63" testListId="8c84fa94-04c1-424b-9868-57a2d4851a1d" />
    <TestEntry testId="0c3a2482-98fc-486a-fe15-6e953db2803b" executionId="f4c7b881-0906-4df2-91a6-4a2841a86ec7" testListId="8c84fa94-04c1-424b-9868-57a2d4851a1d" />
    <TestEntry testId="f3e619c4-033e-1701-a2ae-7a9955055f50" executionId="39e51c12-8df1-463d-b05b-8022a7a32032" testListId="8c84fa94-04c1-424b-9868-57a2d4851a1d" />
    <TestEntry testId="d398e9c1-fb4c-15e0-d0c4-aac0ba34194f" executionId="e8976665-eead-4d6a-b4d0-e26a74f4a1f0" testListId="8c84fa94-04c1-424b-9868-57a2d4851a1d" />
    <TestEntry testId="745bf10e-17c0-cd48-3e5b-57c54e907349" executionId="c3a4b7cd-003f-417b-9c67-559b6d86816f" testListId="8c84fa94-04c1-424b-9868-57a2d4851a1d" />
    <TestEntry testId="be5aa915-3067-9536-c8cf-e11ad7665f45" executionId="a331ed83-518a-4261-b05c-9bf8cf7880a6" testListId="8c84fa94-04c1-424b-9868-57a2d4851a1d" />
    <TestEntry testId="0c952f85-7698-9406-1081-1831b617ec8e" executionId="10f7d3ea-d655-4d16-b06b-82ee45081de7" testListId="8c84fa94-04c1-424b-9868-57a2d4851a1d" />
    <TestEntry testId="ce675689-d2d7-0cdd-c0ea-eeaf2b96779a" executionId="63449557-6c7c-4754-8251-3037fc561ded" testListId="8c84fa94-04c1-424b-9868-57a2d4851a1d" />
    <TestEntry testId="2ff40d63-a64f-49cb-833c-a28ef9755bc4" executionId="a3f61c0a-532a-473c-9a5a-59cf0d65e119" testListId="8c84fa94-04c1-424b-9868-57a2d4851a1d" />
    <TestEntry testId="38d3302b-d51b-fe18-3dda-8fc6e5876cdb" executionId="396f01a5-4438-4878-adaf-ab8b138aeb69" testListId="8c84fa94-04c1-424b-9868-57a2d4851a1d" />
    <TestEntry testId="aa8c5814-28e1-dbe8-b20d-a761d402e385" executionId="ff14af29-d27c-4dcb-9453-6b904ce758bc" testListId="8c84fa94-04c1-424b-9868-57a2d4851a1d" />
    <TestEntry testId="73abe3d4-07d6-9c65-b90a-579adb3e7c4e" executionId="0b3451ac-f5b6-46c0-9037-c4ad0dcbac4a" testListId="8c84fa94-04c1-424b-9868-57a2d4851a1d" />
    <TestEntry testId="01bc3942-397c-0424-f6d8-5fbf0d2bb099" executionId="5d6e84bc-3f79-4358-9718-e9aa2d7bbc91" testListId="8c84fa94-04c1-424b-9868-57a2d4851a1d" />
    <TestEntry testId="82bb23a2-6002-407a-219a-a48a8fc2036f" executionId="be7ca7f5-08f2-4d40-b975-f4e318c80f35" testListId="8c84fa94-04c1-424b-9868-57a2d4851a1d" />
  </TestEntries>
  <Results>
    <UnitTestResult executionId="7786bf0f-3c27-4706-b093-15d35990d4ad" testId="e08206ed-4d8b-1cd4-d0ed-b0496a271624" testName="setZipTest" computerName="JUSTIN-PC" duration="00:00:00.0182070" startTime="2012-12-02T09:40:01.4370313-06:00" endTime="2012-12-02T09:40:01.9917188-06:00" testType="13cdc9d9-ddb5-4fa4-a97d-d965ccfc6d4b" outcome="Passed" testListId="8c84fa94-04c1-424b-9868-57a2d4851a1d" relativeResultsDirectory="7786bf0f-3c27-4706-b093-15d35990d4ad">
    </UnitTestResult>
    <UnitTestResult executionId="2e2a6e7b-dd4a-45ea-bf08-daffa0a821d0" testId="35344a51-9ffa-e218-80f9-c24e8fcee0c2" testName="setStateTest" computerName="JUSTIN-PC" duration="00:00:00.0003589" startTime="2012-12-02T09:40:01.9917188-06:00" endTime="2012-12-02T09:40:02.0073438-06:00" testType="13cdc9d9-ddb5-4fa4-a97d-d965ccfc6d4b" outcome="Passed" testListId="8c84fa94-04c1-424b-9868-57a2d4851a1d" relativeResultsDirectory="2e2a6e7b-dd4a-45ea-bf08-daffa0a821d0">
    </UnitTestResult>
    <UnitTestResult executionId="275dda01-75c3-4257-9a8f-b3b056ff90ca" testId="beac8f2c-890b-f3e1-6cca-6d307c14c27a" testName="setNumberTest" computerName="JUSTIN-PC" duration="00:00:00.0003531" startTime="2012-12-02T09:40:02.0073438-06:00" endTime="2012-12-02T09:40:02.0229688-06:00" testType="13cdc9d9-ddb5-4fa4-a97d-d965ccfc6d4b" outcome="Passed" testListId="8c84fa94-04c1-424b-9868-57a2d4851a1d" relativeResultsDirectory="275dda01-75c3-4257-9a8f-b3b056ff90ca">
    </UnitTestResult>
    <UnitTestResult executionId="1d958338-20f8-4c78-8c48-f63fb6bd1c63" testId="f0412e44-6fec-8bd8-23a9-d77c8cba5a2f" testName="setNameTest" computerName="JUSTIN-PC" duration="00:00:00.0003098" startTime="2012-12-02T09:40:02.0229688-06:00" endTime="2012-12-02T09:40:02.0307813-06:00" testType="13cdc9d9-ddb5-4fa4-a97d-d965ccfc6d4b" outcome="Passed" testListId="8c84fa94-04c1-424b-9868-57a2d4851a1d" relativeResultsDirectory="1d958338-20f8-4c78-8c48-f63fb6bd1c63">
    </UnitTestResult>
    <UnitTestResult executionId="f4c7b881-0906-4df2-91a6-4a2841a86ec7" testId="0c3a2482-98fc-486a-fe15-6e953db2803b" testName="setAddressTest" computerName="JUSTIN-PC" duration="00:00:00.0004070" startTime="2012-12-02T09:40:02.0385938-06:00" endTime="2012-12-02T09:40:02.0464063-06:00" testType="13cdc9d9-ddb5-4fa4-a97d-d965ccfc6d4b" outcome="Passed" testListId="8c84fa94-04c1-424b-9868-57a2d4851a1d" relativeResultsDirectory="f4c7b881-0906-4df2-91a6-4a2841a86ec7">
    </UnitTestResult>
    <UnitTestResult executionId="39e51c12-8df1-463d-b05b-8022a7a32032" testId="f3e619c4-033e-1701-a2ae-7a9955055f50" testName="PersonConstructorTest" computerName="JUSTIN-PC" duration="00:00:00.0002234" startTime="2012-12-02T09:40:02.0542188-06:00" endTime="2012-12-02T09:40:02.0620313-06:00" testType="13cdc9d9-ddb5-4fa4-a97d-d965ccfc6d4b" outcome="Passed" testListId="8c84fa94-04c1-424b-9868-57a2d4851a1d" relativeResultsDirectory="39e51c12-8df1-463d-b05b-8022a7a32032">
    </UnitTestResult>
    <UnitTestResult executionId="e8976665-eead-4d6a-b4d0-e26a74f4a1f0" testId="d398e9c1-fb4c-15e0-d0c4-aac0ba34194f" testName="AddressBookConstructorTest" computerName="JUSTIN-PC" duration="00:00:00.0004363" startTime="2012-12-02T09:40:02.0620313-06:00" endTime="2012-12-02T09:40:02.0776563-06:00" testType="13cdc9d9-ddb5-4fa4-a97d-d965ccfc6d4b" outcome="Passed" testListId="8c84fa94-04c1-424b-9868-57a2d4851a1d" relativeResultsDirectory="e8976665-eead-4d6a-b4d0-e26a74f4a1f0">
    </UnitTestResult>
    <UnitTestResult executionId="c3a4b7cd-003f-417b-9c67-559b6d86816f" testId="745bf10e-17c0-cd48-3e5b-57c54e907349" testName="addUserTest" computerName="JUSTIN-PC" duration="00:00:11.7183074" startTime="2012-12-02T09:40:02.0776563-06:00" endTime="2012-12-02T09:40:13.8042188-06:00" testType="13cdc9d9-ddb5-4fa4-a97d-d965ccfc6d4b" outcome="Failed" testListId="8c84fa94-04c1-424b-9868-57a2d4851a1d" relativeResultsDirectory="c3a4b7cd-003f-417b-9c67-559b6d86816f">
      <Output>
        <ErrorInfo>
          <Message>Test method TestProject1.AddressBookTest.addUserTest threw exception: 
System.NotImplementedException: The method or operation is not implemented.</Message>
          <StackTrace>    at _302FinalProject.AddressBook.addUser(Person User) in C:\Users\Justin\Documents\Visual Studio 2010\Projects\302FinalProject\302FinalProject\AddressBook.cs:line 12
   at TestProject1.AddressBookTest.addUserTest() in C:\Users\Justin\Documents\Visual Studio 2010\Projects\302FinalProject\TestProject1\AddressBookTest.cs:line 86
</StackTrace>
        </ErrorInfo>
      </Output>
    </UnitTestResult>
    <UnitTestResult executionId="a331ed83-518a-4261-b05c-9bf8cf7880a6" testId="be5aa915-3067-9536-c8cf-e11ad7665f45" testName="removeUserTest" computerName="JUSTIN-PC" duration="00:00:02.4944446" startTime="2012-12-02T09:40:13.8120313-06:00" endTime="2012-12-02T09:40:16.3198438-06:00" testType="13cdc9d9-ddb5-4fa4-a97d-d965ccfc6d4b" outcome="Failed" testListId="8c84fa94-04c1-424b-9868-57a2d4851a1d" relativeResultsDirectory="a331ed83-518a-4261-b05c-9bf8cf7880a6">
      <Output>
        <ErrorInfo>
          <Message>Test method TestProject1.AddressBookTest.removeUserTest threw exception: 
System.NotImplementedException: The method or operation is not implemented.</Message>
          <StackTrace>    at _302FinalProject.AddressBook.removeUser(Person User) in C:\Users\Justin\Documents\Visual Studio 2010\Projects\302FinalProject\302FinalProject\AddressBook.cs:line 17
   at TestProject1.AddressBookTest.removeUserTest() in C:\Users\Justin\Documents\Visual Studio 2010\Projects\302FinalProject\TestProject1\AddressBookTest.cs:line 98
</StackTrace>
        </ErrorInfo>
      </Output>
    </UnitTestResult>
    <UnitTestResult executionId="10f7d3ea-d655-4d16-b06b-82ee45081de7" testId="0c952f85-7698-9406-1081-1831b617ec8e" testName="MainWindowConstructorTest" computerName="JUSTIN-PC" duration="00:00:00.2055697" startTime="2012-12-02T09:40:16.3198438-06:00" endTime="2012-12-02T09:40:16.5385938-06:00" testType="13cdc9d9-ddb5-4fa4-a97d-d965ccfc6d4b" outcome="Passed" testListId="8c84fa94-04c1-424b-9868-57a2d4851a1d" relativeResultsDirectory="10f7d3ea-d655-4d16-b06b-82ee45081de7">
    </UnitTestResult>
    <UnitTestResult executionId="63449557-6c7c-4754-8251-3037fc561ded" testId="ce675689-d2d7-0cdd-c0ea-eeaf2b96779a" testName="AddPerson_ClickTest" computerName="JUSTIN-PC" duration="00:00:00.0210769" startTime="2012-12-02T09:40:16.5464063-06:00" endTime="2012-12-02T09:40:16.5776563-06:00" testType="13cdc9d9-ddb5-4fa4-a97d-d965ccfc6d4b" outcome="Passed" testListId="8c84fa94-04c1-424b-9868-57a2d4851a1d" relativeResultsDirectory="63449557-6c7c-4754-8251-3037fc561ded">
    </UnitTestResult>
    <UnitTestResult executionId="a3f61c0a-532a-473c-9a5a-59cf0d65e119" testId="2ff40d63-a64f-49cb-833c-a28ef9755bc4" testName="InitializeComponentTest" computerName="JUSTIN-PC" duration="00:00:00.0085329" startTime="2012-12-02T09:40:16.5854688-06:00" endTime="2012-12-02T09:40:16.6010938-06:00" testType="13cdc9d9-ddb5-4fa4-a97d-d965ccfc6d4b" outcome="Passed" testListId="8c84fa94-04c1-424b-9868-57a2d4851a1d" relativeResultsDirectory="a3f61c0a-532a-473c-9a5a-59cf0d65e119">
    </UnitTestResult>
    <UnitTestResult executionId="396f01a5-4438-4878-adaf-ab8b138aeb69" testId="38d3302b-d51b-fe18-3dda-8fc6e5876cdb" testName="RemovePerson_ClickTest" computerName="JUSTIN-PC" duration="00:00:00.0092858" startTime="2012-12-02T09:40:16.6089063-06:00" endTime="2012-12-02T09:40:16.6245313-06:00" testType="13cdc9d9-ddb5-4fa4-a97d-d965ccfc6d4b" outcome="Passed" testListId="8c84fa94-04c1-424b-9868-57a2d4851a1d" relativeResultsDirectory="396f01a5-4438-4878-adaf-ab8b138aeb69">
    </UnitTestResult>
    <UnitTestResult executionId="ff14af29-d27c-4dcb-9453-6b904ce758bc" testId="aa8c5814-28e1-dbe8-b20d-a761d402e385" testName="ConnectTest" computerName="JUSTIN-PC" duration="00:00:00.0083803" startTime="2012-12-02T09:40:16.6557813-06:00" endTime="2012-12-02T09:40:16.6714063-06:00" testType="13cdc9d9-ddb5-4fa4-a97d-d965ccfc6d4b" outcome="Passed" testListId="8c84fa94-04c1-424b-9868-57a2d4851a1d" relativeResultsDirectory="ff14af29-d27c-4dcb-9453-6b904ce758bc">
    </UnitTestResult>
    <UnitTestResult executionId="0b3451ac-f5b6-46c0-9037-c4ad0dcbac4a" testId="73abe3d4-07d6-9c65-b90a-579adb3e7c4e" testName="button1_ClickTest" computerName="JUSTIN-PC" duration="00:00:00.0085591" startTime="2012-12-02T09:40:16.6714063-06:00" endTime="2012-12-02T09:40:16.6870313-06:00" testType="13cdc9d9-ddb5-4fa4-a97d-d965ccfc6d4b" outcome="Passed" testListId="8c84fa94-04c1-424b-9868-57a2d4851a1d" relativeResultsDirectory="0b3451ac-f5b6-46c0-9037-c4ad0dcbac4a">
    </UnitTestResult>
    <UnitTestResult executionId="5d6e84bc-3f79-4358-9718-e9aa2d7bbc91" testId="01bc3942-397c-0424-f6d8-5fbf0d2bb099" testName="button2_ClickTest" computerName="JUSTIN-PC" duration="00:00:00.0095992" startTime="2012-12-02T09:40:16.6948438-06:00" endTime="2012-12-02T09:40:16.7104688-06:00" testType="13cdc9d9-ddb5-4fa4-a97d-d965ccfc6d4b" outcome="Passed" testListId="8c84fa94-04c1-424b-9868-57a2d4851a1d" relativeResultsDirectory="5d6e84bc-3f79-4358-9718-e9aa2d7bbc91">
    </UnitTestResult>
    <UnitTestResult executionId="be7ca7f5-08f2-4d40-b975-f4e318c80f35" testId="82bb23a2-6002-407a-219a-a48a8fc2036f" testName="button3_ClickTest" computerName="JUSTIN-PC" duration="00:00:00.0103817" startTime="2012-12-02T09:40:16.7182813-06:00" endTime="2012-12-02T09:40:16.7339063-06:00" testType="13cdc9d9-ddb5-4fa4-a97d-d965ccfc6d4b" outcome="Passed" testListId="8c84fa94-04c1-424b-9868-57a2d4851a1d" relativeResultsDirectory="be7ca7f5-08f2-4d40-b975-f4e318c80f35">
    </UnitTestResult>
  </Results>
</TestRun>